// Jest Snapshot v1, https://goo.gl/fbAQLP

exports[`<Auth /> renders Auth component and children 1`] = `
<section
  className="Auth"
>
  <p>
    Tested
  </p>
</section>
`;
