// Jest Snapshot v1, https://goo.gl/fbAQLP

exports[`<App /> renders App component 1`] = `
Array [
  <div
    className="App"
  >
    <header>
      <h1>
        Space Soldier Armory
      </h1>
    </header>
    <nav>
      <ul
        className="Navigation"
      >
        <li
          className="NavigationListItem"
        >
          <a
            aria-current={null}
            className="NavigationLink"
            href="/signup"
            onClick={[Function]}
          >
            Signup
          </a>
        </li>
        <li
          className="NavigationListItem"
        >
          <a
            aria-current="page"
            className="NavigationLink active"
            href="/login"
            onClick={[Function]}
            style={
              Object {
                "color": "#3300ff",
              }
            }
          >
            Login
          </a>
        </li>
      </ul>
    </nav>
  </div>,
  <section
    className="auth-form"
  >
    <form
      onSubmit={[Function]}
    >
      <div
        className="Input"
      >
        <label
          className="Label"
        >
          email
        </label>
        <input
          className="InputElement"
          name="email"
          onChange={[Function]}
          placeholder="you@email.com"
          required={true}
          type="email"
          value=""
        />
      </div>
      <div
        className="Input"
      >
        <label
          className="Label"
        >
          password
        </label>
        <input
          className="InputElement"
          name="password"
          onChange={[Function]}
          placeholder="Enter you password..."
          required={true}
          type="password"
          value=""
        />
      </div>
      <button
        type="submit"
      >
        Login
      </button>
    </form>
  </section>,
]
`;
