// Jest Snapshot v1, https://goo.gl/fbAQLP

exports[`<PageTitle /> should display the title passed as a prop 1`] = `
<h1>
  TEST
</h1>
`;
